// Vitest Snapshot v1

exports[`GitHubSearchInput > should render 1`] = `
<DocumentFragment>
  <input
    aria-invalid="false"
    class="pf-c-form-control pf-m-search"
    data-ouia-component-id="OUIA-Generated-TextInputBase-1"
    data-ouia-component-type="PF4/TextInput"
    data-ouia-safe="true"
    type="search"
    value=""
  />
</DocumentFragment>
`;
