// Vitest Snapshot v1

exports[`parse > returns a search object 1`] = `
{
  "repositories": [
    "test-repo",
  ],
  "text": "new addition",
  "users": [
    "bastilian",
  ],
}
`;
